[2026-06-16 15:50:34] local.ERROR: The /Users/yangfan/Desktop/trae-solo-generated-projects/q-333/bootstrap/cache directory must be present and writable. {"exception":"[object] (Exception(code: 0): The /Users/yangfan/Desktop/trae-solo-generated-projects/q-333/bootstrap/cache directory must be present and writable. at /Users/yangfan/Desktop/trae-solo-generated-projects/q-333/vendor/laravel/framework/src/Illuminate/Foundation/PackageManifest.php:179)
[stacktrace]
#0 /Users/yangfan/Desktop/trae-solo-generated-projects/q-333/vendor/laravel/framework/src/Illuminate/Foundation/PackageManifest.php(132): Illuminate\\Foundation\\PackageManifest->write(Array)
#1 /Users/yangfan/Desktop/trae-solo-generated-projects/q-333/vendor/laravel/framework/src/Illuminate/Foundation/PackageManifest.php(108): Illuminate\\Foundation\\PackageManifest->build()
#2 /Users/yangfan/Desktop/trae-solo-generated-projects/q-333/vendor/laravel/framework/src/Illuminate/Foundation/PackageManifest.php(91): Illuminate\\Foundation\\PackageManifest->getManifest()
#3 /Users/yangfan/Desktop/trae-solo-generated-projects/q-333/vendor/laravel/framework/src/Illuminate/Foundation/PackageManifest.php(80): Illuminate\\Foundation\\PackageManifest->config('aliases')
#4 /Users/yangfan/Desktop/trae-solo-generated-projects/q-333/vendor/laravel/framework/src/Illuminate/Foundation/Bootstrap/RegisterFacades.php(26): Illuminate\\Foundation\\PackageManifest->aliases()
#5 /Users/yangfan/Desktop/trae-solo-generated-projects/q-333/vendor/laravel/framework/src/Illuminate/Foundation/Application.php(342): Illuminate\\Foundation\\Bootstrap\\RegisterFacades->bootstrap(Object(Illuminate\\Foundation\\Application))
#6 /Users/yangfan/Desktop/trae-solo-generated-projects/q-333/vendor/laravel/framework/src/Illuminate/Foundation/Console/Kernel.php(474): Illuminate\\Foundation\\Application->bootstrapWith(Array)
#7 /Users/yangfan/Desktop/trae-solo-generated-projects/q-333/vendor/laravel/framework/src/Illuminate/Foundation/Console/Kernel.php(196): Illuminate\\Foundation\\Console\\Kernel->bootstrap()
#8 /Users/yangfan/Desktop/trae-solo-generated-projects/q-333/artisan(11): Illuminate\\Foundation\\Console\\Kernel->handle(Object(Symfony\\Component\\Console\\Input\\ArgvInput), Object(Symfony\\Component\\Console\\Output\\ConsoleOutput))
#9 {main}
"} 
[2026-06-16 15:53:03] local.ERROR: SQLSTATE[HY000]: General error: 1 no such table: users (Connection: sqlite, SQL: select exists(select * from "users" where "email" = player@example.com) as "exists") {"exception":"[object] (Illuminate\\Database\\QueryException(code: HY000): SQLSTATE[HY000]: General error: 1 no such table: users (Connection: sqlite, SQL: select exists(select * from \"users\" where \"email\" = player@example.com) as \"exists\") at /Users/yangfan/Desktop/trae-solo-generated-projects/q-333/vendor/laravel/framework/src/Illuminate/Database/Connection.php:825)
[stacktrace]
#0 /Users/yangfan/Desktop/trae-solo-generated-projects/q-333/vendor/laravel/framework/src/Illuminate/Database/Connection.php(779): Illuminate\\Database\\Connection->runQueryCallback('select exists(s...', Array, Object(Closure))
#1 /Users/yangfan/Desktop/trae-solo-generated-projects/q-333/vendor/laravel/framework/src/Illuminate/Database/Connection.php(398): Illuminate\\Database\\Connection->run('select exists(s...', Array, Object(Closure))
#2 /Users/yangfan/Desktop/trae-solo-generated-projects/q-333/vendor/laravel/framework/src/Illuminate/Database/Query/Builder.php(3477): Illuminate\\Database\\Connection->select('select exists(s...', Array, true)
#3 /Users/yangfan/Desktop/trae-solo-generated-projects/q-333/vendor/laravel/framework/src/Illuminate/Database/Eloquent/Builder.php(2120): Illuminate\\Database\\Query\\Builder->exists()
#4 /Users/yangfan/Desktop/trae-solo-generated-projects/q-333/database/seeders/DatabaseSeeder.php(25): Illuminate\\Database\\Eloquent\\Builder->__call('exists', Array)
#5 /Users/yangfan/Desktop/trae-solo-generated-projects/q-333/database/seeders/DatabaseSeeder.php(19): Database\\Seeders\\DatabaseSeeder->createUsers()
#6 /Users/yangfan/Desktop/trae-solo-generated-projects/q-333/vendor/laravel/framework/src/Illuminate/Container/BoundMethod.php(36): Database\\Seeders\\DatabaseSeeder->run()
#7 /Users/yangfan/Desktop/trae-solo-generated-projects/q-333/vendor/laravel/framework/src/Illuminate/Container/Util.php(43): Illuminate\\Container\\BoundMethod::{closure:Illuminate\\Container\\BoundMethod::call():35}()
#8 /Users/yangfan/Desktop/trae-solo-generated-projects/q-333/vendor/laravel/framework/src/Illuminate/Container/BoundMethod.php(95): Illuminate\\Container\\Util::unwrapIfClosure(Object(Closure))
#9 /Users/yangfan/Desktop/trae-solo-generated-projects/q-333/vendor/laravel/framework/src/Illuminate/Container/BoundMethod.php(35): Illuminate\\Container\\BoundMethod::callBoundMethod(Object(Illuminate\\Foundation\\Application), Array, Object(Closure))
#10 /Users/yangfan/Desktop/trae-solo-generated-projects/q-333/vendor/laravel/framework/src/Illuminate/Container/Container.php(696): Illuminate\\Container\\BoundMethod::call(Object(Illuminate\\Foundation\\Application), Array, Array, NULL)
#11 /Users/yangfan/Desktop/trae-solo-generated-projects/q-333/vendor/laravel/framework/src/Illuminate/Database/Seeder.php(188): Illuminate\\Container\\Container->call(Array, Array)
#12 /Users/yangfan/Desktop/trae-solo-generated-projects/q-333/vendor/laravel/framework/src/Illuminate/Database/Seeder.php(197): Illuminate\\Database\\Seeder->{closure:Illuminate\\Database\\Seeder::__invoke():187}()
#13 /Users/yangfan/Desktop/trae-solo-generated-projects/q-333/vendor/laravel/framework/src/Illuminate/Database/Console/Seeds/SeedCommand.php(70): Illuminate\\Database\\Seeder->__invoke()
#14 /Users/yangfan/Desktop/trae-solo-generated-projects/q-333/vendor/laravel/framework/src/Illuminate/Database/Eloquent/Concerns/GuardsAttributes.php(155): Illuminate\\Database\\Console\\Seeds\\SeedCommand->{closure:Illuminate\\Database\\Console\\Seeds\\SeedCommand::handle():69}()
#15 /Users/yangfan/Desktop/trae-solo-generated-projects/q-333/vendor/laravel/framework/src/Illuminate/Database/Console/Seeds/SeedCommand.php(69): Illuminate\\Database\\Eloquent\\Model::unguarded(Object(Closure))
#16 /Users/yangfan/Desktop/trae-solo-generated-projects/q-333/vendor/laravel/framework/src/Illuminate/Container/BoundMethod.php(36): Illuminate\\Database\\Console\\Seeds\\SeedCommand->handle()
#17 /Users/yangfan/Desktop/trae-solo-generated-projects/q-333/vendor/laravel/framework/src/Illuminate/Container/Util.php(43): Illuminate\\Container\\BoundMethod::{closure:Illuminate\\Container\\BoundMethod::call():35}()
#18 /Users/yangfan/Desktop/trae-solo-generated-projects/q-333/vendor/laravel/framework/src/Illuminate/Container/BoundMethod.php(95): Illuminate\\Container\\Util::unwrapIfClosure(Object(Closure))
#19 /Users/yangfan/Desktop/trae-solo-generated-projects/q-333/vendor/laravel/framework/src/Illuminate/Container/BoundMethod.php(35): Illuminate\\Container\\BoundMethod::callBoundMethod(Object(Illuminate\\Foundation\\Application), Array, Object(Closure))
#20 /Users/yangfan/Desktop/trae-solo-generated-projects/q-333/vendor/laravel/framework/src/Illuminate/Container/Container.php(696): Illuminate\\Container\\BoundMethod::call(Object(Illuminate\\Foundation\\Application), Array, Array, NULL)
#21 /Users/yangfan/Desktop/trae-solo-generated-projects/q-333/vendor/laravel/framework/src/Illuminate/Console/Command.php(213): Illuminate\\Container\\Container->call(Array)
#22 /Users/yangfan/Desktop/trae-solo-generated-projects/q-333/vendor/symfony/console/Command/Command.php(341): Illuminate\\Console\\Command->execute(Object(Symfony\\Component\\Console\\Input\\ArgvInput), Object(Illuminate\\Console\\OutputStyle))
#23 /Users/yangfan/Desktop/trae-solo-generated-projects/q-333/vendor/laravel/framework/src/Illuminate/Console/Command.php(182): Symfony\\Component\\Console\\Command\\Command->run(Object(Symfony\\Component\\Console\\Input\\ArgvInput), Object(Illuminate\\Console\\OutputStyle))
#24 /Users/yangfan/Desktop/trae-solo-generated-projects/q-333/vendor/symfony/console/Application.php(1117): Illuminate\\Console\\Command->run(Object(Symfony\\Component\\Console\\Input\\ArgvInput), Object(Symfony\\Component\\Console\\Output\\ConsoleOutput))
#25 /Users/yangfan/Desktop/trae-solo-generated-projects/q-333/vendor/symfony/console/Application.php(356): Symfony\\Component\\Console\\Application->doRunCommand(Object(Illuminate\\Database\\Console\\Seeds\\SeedCommand), Object(Symfony\\Component\\Console\\Input\\ArgvInput), Object(Symfony\\Component\\Console\\Output\\ConsoleOutput))
#26 /Users/yangfan/Desktop/trae-solo-generated-projects/q-333/vendor/symfony/console/Application.php(195): Symfony\\Component\\Console\\Application->doRun(Object(Symfony\\Component\\Console\\Input\\ArgvInput), Object(Symfony\\Component\\Console\\Output\\ConsoleOutput))
#27 /Users/yangfan/Desktop/trae-solo-generated-projects/q-333/vendor/laravel/framework/src/Illuminate/Foundation/Console/Kernel.php(198): Symfony\\Component\\Console\\Application->run(Object(Symfony\\Component\\Console\\Input\\ArgvInput), Object(Symfony\\Component\\Console\\Output\\ConsoleOutput))
#28 /Users/yangfan/Desktop/trae-solo-generated-projects/q-333/artisan(11): Illuminate\\Foundation\\Console\\Kernel->handle(Object(Symfony\\Component\\Console\\Input\\ArgvInput), Object(Symfony\\Component\\Console\\Output\\ConsoleOutput))
#29 {main}

[previous exception] [object] (PDOException(code: HY000): SQLSTATE[HY000]: General error: 1 no such table: users at /Users/yangfan/Desktop/trae-solo-generated-projects/q-333/vendor/laravel/framework/src/Illuminate/Database/Connection.php:407)
[stacktrace]
#0 /Users/yangfan/Desktop/trae-solo-generated-projects/q-333/vendor/laravel/framework/src/Illuminate/Database/Connection.php(407): PDO->prepare('select exists(s...')
#1 /Users/yangfan/Desktop/trae-solo-generated-projects/q-333/vendor/laravel/framework/src/Illuminate/Database/Connection.php(812): Illuminate\\Database\\Connection->{closure:Illuminate\\Database\\Connection::select():398}('select exists(s...', Array)
#2 /Users/yangfan/Desktop/trae-solo-generated-projects/q-333/vendor/laravel/framework/src/Illuminate/Database/Connection.php(779): Illuminate\\Database\\Connection->runQueryCallback('select exists(s...', Array, Object(Closure))
#3 /Users/yangfan/Desktop/trae-solo-generated-projects/q-333/vendor/laravel/framework/src/Illuminate/Database/Connection.php(398): Illuminate\\Database\\Connection->run('select exists(s...', Array, Object(Closure))
#4 /Users/yangfan/Desktop/trae-solo-generated-projects/q-333/vendor/laravel/framework/src/Illuminate/Database/Query/Builder.php(3477): Illuminate\\Database\\Connection->select('select exists(s...', Array, true)
#5 /Users/yangfan/Desktop/trae-solo-generated-projects/q-333/vendor/laravel/framework/src/Illuminate/Database/Eloquent/Builder.php(2120): Illuminate\\Database\\Query\\Builder->exists()
#6 /Users/yangfan/Desktop/trae-solo-generated-projects/q-333/database/seeders/DatabaseSeeder.php(25): Illuminate\\Database\\Eloquent\\Builder->__call('exists', Array)
#7 /Users/yangfan/Desktop/trae-solo-generated-projects/q-333/database/seeders/DatabaseSeeder.php(19): Database\\Seeders\\DatabaseSeeder->createUsers()
#8 /Users/yangfan/Desktop/trae-solo-generated-projects/q-333/vendor/laravel/framework/src/Illuminate/Container/BoundMethod.php(36): Database\\Seeders\\DatabaseSeeder->run()
#9 /Users/yangfan/Desktop/trae-solo-generated-projects/q-333/vendor/laravel/framework/src/Illuminate/Container/Util.php(43): Illuminate\\Container\\BoundMethod::{closure:Illuminate\\Container\\BoundMethod::call():35}()
#10 /Users/yangfan/Desktop/trae-solo-generated-projects/q-333/vendor/laravel/framework/src/Illuminate/Container/BoundMethod.php(95): Illuminate\\Container\\Util::unwrapIfClosure(Object(Closure))
#11 /Users/yangfan/Desktop/trae-solo-generated-projects/q-333/vendor/laravel/framework/src/Illuminate/Container/BoundMethod.php(35): Illuminate\\Container\\BoundMethod::callBoundMethod(Object(Illuminate\\Foundation\\Application), Array, Object(Closure))
#12 /Users/yangfan/Desktop/trae-solo-generated-projects/q-333/vendor/laravel/framework/src/Illuminate/Container/Container.php(696): Illuminate\\Container\\BoundMethod::call(Object(Illuminate\\Foundation\\Application), Array, Array, NULL)
#13 /Users/yangfan/Desktop/trae-solo-generated-projects/q-333/vendor/laravel/framework/src/Illuminate/Database/Seeder.php(188): Illuminate\\Container\\Container->call(Array, Array)
#14 /Users/yangfan/Desktop/trae-solo-generated-projects/q-333/vendor/laravel/framework/src/Illuminate/Database/Seeder.php(197): Illuminate\\Database\\Seeder->{closure:Illuminate\\Database\\Seeder::__invoke():187}()
#15 /Users/yangfan/Desktop/trae-solo-generated-projects/q-333/vendor/laravel/framework/src/Illuminate/Database/Console/Seeds/SeedCommand.php(70): Illuminate\\Database\\Seeder->__invoke()
#16 /Users/yangfan/Desktop/trae-solo-generated-projects/q-333/vendor/laravel/framework/src/Illuminate/Database/Eloquent/Concerns/GuardsAttributes.php(155): Illuminate\\Database\\Console\\Seeds\\SeedCommand->{closure:Illuminate\\Database\\Console\\Seeds\\SeedCommand::handle():69}()
#17 /Users/yangfan/Desktop/trae-solo-generated-projects/q-333/vendor/laravel/framework/src/Illuminate/Database/Console/Seeds/SeedCommand.php(69): Illuminate\\Database\\Eloquent\\Model::unguarded(Object(Closure))
#18 /Users/yangfan/Desktop/trae-solo-generated-projects/q-333/vendor/laravel/framework/src/Illuminate/Container/BoundMethod.php(36): Illuminate\\Database\\Console\\Seeds\\SeedCommand->handle()
#19 /Users/yangfan/Desktop/trae-solo-generated-projects/q-333/vendor/laravel/framework/src/Illuminate/Container/Util.php(43): Illuminate\\Container\\BoundMethod::{closure:Illuminate\\Container\\BoundMethod::call():35}()
#20 /Users/yangfan/Desktop/trae-solo-generated-projects/q-333/vendor/laravel/framework/src/Illuminate/Container/BoundMethod.php(95): Illuminate\\Container\\Util::unwrapIfClosure(Object(Closure))
#21 /Users/yangfan/Desktop/trae-solo-generated-projects/q-333/vendor/laravel/framework/src/Illuminate/Container/BoundMethod.php(35): Illuminate\\Container\\BoundMethod::callBoundMethod(Object(Illuminate\\Foundation\\Application), Array, Object(Closure))
#22 /Users/yangfan/Desktop/trae-solo-generated-projects/q-333/vendor/laravel/framework/src/Illuminate/Container/Container.php(696): Illuminate\\Container\\BoundMethod::call(Object(Illuminate\\Foundation\\Application), Array, Array, NULL)
#23 /Users/yangfan/Desktop/trae-solo-generated-projects/q-333/vendor/laravel/framework/src/Illuminate/Console/Command.php(213): Illuminate\\Container\\Container->call(Array)
#24 /Users/yangfan/Desktop/trae-solo-generated-projects/q-333/vendor/symfony/console/Command/Command.php(341): Illuminate\\Console\\Command->execute(Object(Symfony\\Component\\Console\\Input\\ArgvInput), Object(Illuminate\\Console\\OutputStyle))
#25 /Users/yangfan/Desktop/trae-solo-generated-projects/q-333/vendor/laravel/framework/src/Illuminate/Console/Command.php(182): Symfony\\Component\\Console\\Command\\Command->run(Object(Symfony\\Component\\Console\\Input\\ArgvInput), Object(Illuminate\\Console\\OutputStyle))
#26 /Users/yangfan/Desktop/trae-solo-generated-projects/q-333/vendor/symfony/console/Application.php(1117): Illuminate\\Console\\Command->run(Object(Symfony\\Component\\Console\\Input\\ArgvInput), Object(Symfony\\Component\\Console\\Output\\ConsoleOutput))
#27 /Users/yangfan/Desktop/trae-solo-generated-projects/q-333/vendor/symfony/console/Application.php(356): Symfony\\Component\\Console\\Application->doRunCommand(Object(Illuminate\\Database\\Console\\Seeds\\SeedCommand), Object(Symfony\\Component\\Console\\Input\\ArgvInput), Object(Symfony\\Component\\Console\\Output\\ConsoleOutput))
#28 /Users/yangfan/Desktop/trae-solo-generated-projects/q-333/vendor/symfony/console/Application.php(195): Symfony\\Component\\Console\\Application->doRun(Object(Symfony\\Component\\Console\\Input\\ArgvInput), Object(Symfony\\Component\\Console\\Output\\ConsoleOutput))
#29 /Users/yangfan/Desktop/trae-solo-generated-projects/q-333/vendor/laravel/framework/src/Illuminate/Foundation/Console/Kernel.php(198): Symfony\\Component\\Console\\Application->run(Object(Symfony\\Component\\Console\\Input\\ArgvInput), Object(Symfony\\Component\\Console\\Output\\ConsoleOutput))
#30 /Users/yangfan/Desktop/trae-solo-generated-projects/q-333/artisan(11): Illuminate\\Foundation\\Console\\Kernel->handle(Object(Symfony\\Component\\Console\\Input\\ArgvInput), Object(Symfony\\Component\\Console\\Output\\ConsoleOutput))
#31 {main}
"} 
[2026-06-16 16:54:11] local.ERROR: Call to undefined method App\Services\CipherService::substitutionEncrypt() {"exception":"[object] (Error(code: 0): Call to undefined method App\\Services\\CipherService::substitutionEncrypt() at /Users/yangfan/Desktop/trae-solo-generated-projects/q-333/_test_cipher.php:29)
[stacktrace]
#0 {main}
"} 
[2026-06-16 16:55:29] local.ERROR: App\Services\GameService::updateRotor(): Argument #2 ($rotorIndex) must be of type int, array given, called in /Users/yangfan/Desktop/trae-solo-generated-projects/q-333/_test_rotor_custom.php on line 33 {"exception":"[object] (TypeError(code: 0): App\\Services\\GameService::updateRotor(): Argument #2 ($rotorIndex) must be of type int, array given, called in /Users/yangfan/Desktop/trae-solo-generated-projects/q-333/_test_rotor_custom.php on line 33 at /Users/yangfan/Desktop/trae-solo-generated-projects/q-333/app/Services/GameService.php:64)
[stacktrace]
#0 /Users/yangfan/Desktop/trae-solo-generated-projects/q-333/_test_rotor_custom.php(33): App\\Services\\GameService->updateRotor(Object(App\\Models\\GameSession), Array)
#1 {main}
"} 
[2026-06-16 17:31:23] local.ERROR: SQLSTATE[23000]: Integrity constraint violation: 19 CHECK constraint failed: action_type (Connection: sqlite, SQL: insert into "action_histories" ("game_session_id", "action_type", "before_state", "after_state", "description", "score_change", "created_at") values (5, caesar_shift, {"caesar_shift":0,"partial_solution":""}, {"caesar_shift":3,"partial_solution":"XLI UYMGO FVSAR JSB NYQTW SZIV XLI PEDC HSK"}, 调整凯撒偏移量为 3, 0, 2026-06-16 17:31:23)) {"exception":"[object] (Illuminate\\Database\\QueryException(code: 23000): SQLSTATE[23000]: Integrity constraint violation: 19 CHECK constraint failed: action_type (Connection: sqlite, SQL: insert into \"action_histories\" (\"game_session_id\", \"action_type\", \"before_state\", \"after_state\", \"description\", \"score_change\", \"created_at\") values (5, caesar_shift, {\"caesar_shift\":0,\"partial_solution\":\"\"}, {\"caesar_shift\":3,\"partial_solution\":\"XLI UYMGO FVSAR JSB NYQTW SZIV XLI PEDC HSK\"}, 调整凯撒偏移量为 3, 0, 2026-06-16 17:31:23)) at /Users/yangfan/Desktop/trae-solo-generated-projects/q-333/vendor/laravel/framework/src/Illuminate/Database/Connection.php:825)
[stacktrace]
#0 /Users/yangfan/Desktop/trae-solo-generated-projects/q-333/vendor/laravel/framework/src/Illuminate/Database/Connection.php(779): Illuminate\\Database\\Connection->runQueryCallback('insert into \"ac...', Array, Object(Closure))
#1 /Users/yangfan/Desktop/trae-solo-generated-projects/q-333/vendor/laravel/framework/src/Illuminate/Database/Connection.php(560): Illuminate\\Database\\Connection->run('insert into \"ac...', Array, Object(Closure))
#2 /Users/yangfan/Desktop/trae-solo-generated-projects/q-333/vendor/laravel/framework/src/Illuminate/Database/Connection.php(524): Illuminate\\Database\\Connection->statement('insert into \"ac...', Array)
#3 /Users/yangfan/Desktop/trae-solo-generated-projects/q-333/vendor/laravel/framework/src/Illuminate/Database/Query/Processors/Processor.php(32): Illuminate\\Database\\Connection->insert('insert into \"ac...', Array)
#4 /Users/yangfan/Desktop/trae-solo-generated-projects/q-333/vendor/laravel/framework/src/Illuminate/Database/Query/Builder.php(3766): Illuminate\\Database\\Query\\Processors\\Processor->processInsertGetId(Object(Illuminate\\Database\\Query\\Builder), 'insert into \"ac...', Array, 'id')
#5 /Users/yangfan/Desktop/trae-solo-generated-projects/q-333/vendor/laravel/framework/src/Illuminate/Database/Eloquent/Builder.php(2120): Illuminate\\Database\\Query\\Builder->insertGetId(Array, 'id')
#6 /Users/yangfan/Desktop/trae-solo-generated-projects/q-333/vendor/laravel/framework/src/Illuminate/Database/Eloquent/Model.php(1359): Illuminate\\Database\\Eloquent\\Builder->__call('insertGetId', Array)
#7 /Users/yangfan/Desktop/trae-solo-generated-projects/q-333/vendor/laravel/framework/src/Illuminate/Database/Eloquent/Model.php(1324): Illuminate\\Database\\Eloquent\\Model->insertAndSetId(Object(Illuminate\\Database\\Eloquent\\Builder), Array)
#8 /Users/yangfan/Desktop/trae-solo-generated-projects/q-333/vendor/laravel/framework/src/Illuminate/Database/Eloquent/Model.php(1163): Illuminate\\Database\\Eloquent\\Model->performInsert(Object(Illuminate\\Database\\Eloquent\\Builder))
#9 /Users/yangfan/Desktop/trae-solo-generated-projects/q-333/vendor/laravel/framework/src/Illuminate/Database/Eloquent/Builder.php(1128): Illuminate\\Database\\Eloquent\\Model->save()
#10 /Users/yangfan/Desktop/trae-solo-generated-projects/q-333/vendor/laravel/framework/src/Illuminate/Support/helpers.php(399): Illuminate\\Database\\Eloquent\\Builder->{closure:Illuminate\\Database\\Eloquent\\Builder::create():1127}(Object(App\\Models\\ActionHistory))
#11 /Users/yangfan/Desktop/trae-solo-generated-projects/q-333/vendor/laravel/framework/src/Illuminate/Database/Eloquent/Builder.php(1127): tap(Object(App\\Models\\ActionHistory), Object(Closure))
#12 /Users/yangfan/Desktop/trae-solo-generated-projects/q-333/vendor/laravel/framework/src/Illuminate/Support/Traits/ForwardsCalls.php(23): Illuminate\\Database\\Eloquent\\Builder->create(Array)
#13 /Users/yangfan/Desktop/trae-solo-generated-projects/q-333/vendor/laravel/framework/src/Illuminate/Database/Eloquent/Model.php(2372): Illuminate\\Database\\Eloquent\\Model->forwardCallTo(Object(Illuminate\\Database\\Eloquent\\Builder), 'create', Array)
#14 /Users/yangfan/Desktop/trae-solo-generated-projects/q-333/vendor/laravel/framework/src/Illuminate/Database/Eloquent/Model.php(2384): Illuminate\\Database\\Eloquent\\Model->__call('create', Array)
#15 /Users/yangfan/Desktop/trae-solo-generated-projects/q-333/app/Services/GameService.php(131): Illuminate\\Database\\Eloquent\\Model::__callStatic('create', Array)
#16 /Users/yangfan/Desktop/trae-solo-generated-projects/q-333/_test_all_ciphers.php(35): App\\Services\\GameService->updateCaesar(Object(App\\Models\\GameSession), 3)
#17 {main}

[previous exception] [object] (PDOException(code: 23000): SQLSTATE[23000]: Integrity constraint violation: 19 CHECK constraint failed: action_type at /Users/yangfan/Desktop/trae-solo-generated-projects/q-333/vendor/laravel/framework/src/Illuminate/Database/Connection.php:571)
[stacktrace]
#0 /Users/yangfan/Desktop/trae-solo-generated-projects/q-333/vendor/laravel/framework/src/Illuminate/Database/Connection.php(571): PDOStatement->execute()
#1 /Users/yangfan/Desktop/trae-solo-generated-projects/q-333/vendor/laravel/framework/src/Illuminate/Database/Connection.php(812): Illuminate\\Database\\Connection->{closure:Illuminate\\Database\\Connection::statement():560}('insert into \"ac...', Array)
#2 /Users/yangfan/Desktop/trae-solo-generated-projects/q-333/vendor/laravel/framework/src/Illuminate/Database/Connection.php(779): Illuminate\\Database\\Connection->runQueryCallback('insert into \"ac...', Array, Object(Closure))
#3 /Users/yangfan/Desktop/trae-solo-generated-projects/q-333/vendor/laravel/framework/src/Illuminate/Database/Connection.php(560): Illuminate\\Database\\Connection->run('insert into \"ac...', Array, Object(Closure))
#4 /Users/yangfan/Desktop/trae-solo-generated-projects/q-333/vendor/laravel/framework/src/Illuminate/Database/Connection.php(524): Illuminate\\Database\\Connection->statement('insert into \"ac...', Array)
#5 /Users/yangfan/Desktop/trae-solo-generated-projects/q-333/vendor/laravel/framework/src/Illuminate/Database/Query/Processors/Processor.php(32): Illuminate\\Database\\Connection->insert('insert into \"ac...', Array)
#6 /Users/yangfan/Desktop/trae-solo-generated-projects/q-333/vendor/laravel/framework/src/Illuminate/Database/Query/Builder.php(3766): Illuminate\\Database\\Query\\Processors\\Processor->processInsertGetId(Object(Illuminate\\Database\\Query\\Builder), 'insert into \"ac...', Array, 'id')
#7 /Users/yangfan/Desktop/trae-solo-generated-projects/q-333/vendor/laravel/framework/src/Illuminate/Database/Eloquent/Builder.php(2120): Illuminate\\Database\\Query\\Builder->insertGetId(Array, 'id')
#8 /Users/yangfan/Desktop/trae-solo-generated-projects/q-333/vendor/laravel/framework/src/Illuminate/Database/Eloquent/Model.php(1359): Illuminate\\Database\\Eloquent\\Builder->__call('insertGetId', Array)
#9 /Users/yangfan/Desktop/trae-solo-generated-projects/q-333/vendor/laravel/framework/src/Illuminate/Database/Eloquent/Model.php(1324): Illuminate\\Database\\Eloquent\\Model->insertAndSetId(Object(Illuminate\\Database\\Eloquent\\Builder), Array)
#10 /Users/yangfan/Desktop/trae-solo-generated-projects/q-333/vendor/laravel/framework/src/Illuminate/Database/Eloquent/Model.php(1163): Illuminate\\Database\\Eloquent\\Model->performInsert(Object(Illuminate\\Database\\Eloquent\\Builder))
#11 /Users/yangfan/Desktop/trae-solo-generated-projects/q-333/vendor/laravel/framework/src/Illuminate/Database/Eloquent/Builder.php(1128): Illuminate\\Database\\Eloquent\\Model->save()
#12 /Users/yangfan/Desktop/trae-solo-generated-projects/q-333/vendor/laravel/framework/src/Illuminate/Support/helpers.php(399): Illuminate\\Database\\Eloquent\\Builder->{closure:Illuminate\\Database\\Eloquent\\Builder::create():1127}(Object(App\\Models\\ActionHistory))
#13 /Users/yangfan/Desktop/trae-solo-generated-projects/q-333/vendor/laravel/framework/src/Illuminate/Database/Eloquent/Builder.php(1127): tap(Object(App\\Models\\ActionHistory), Object(Closure))
#14 /Users/yangfan/Desktop/trae-solo-generated-projects/q-333/vendor/laravel/framework/src/Illuminate/Support/Traits/ForwardsCalls.php(23): Illuminate\\Database\\Eloquent\\Builder->create(Array)
#15 /Users/yangfan/Desktop/trae-solo-generated-projects/q-333/vendor/laravel/framework/src/Illuminate/Database/Eloquent/Model.php(2372): Illuminate\\Database\\Eloquent\\Model->forwardCallTo(Object(Illuminate\\Database\\Eloquent\\Builder), 'create', Array)
#16 /Users/yangfan/Desktop/trae-solo-generated-projects/q-333/vendor/laravel/framework/src/Illuminate/Database/Eloquent/Model.php(2384): Illuminate\\Database\\Eloquent\\Model->__call('create', Array)
#17 /Users/yangfan/Desktop/trae-solo-generated-projects/q-333/app/Services/GameService.php(131): Illuminate\\Database\\Eloquent\\Model::__callStatic('create', Array)
#18 /Users/yangfan/Desktop/trae-solo-generated-projects/q-333/_test_all_ciphers.php(35): App\\Services\\GameService->updateCaesar(Object(App\\Models\\GameSession), 3)
#19 {main}
"} 
