
> underground-logistics-game@1.0.0 build
> vite build

/Users/yangfan/Desktop/trae-solo-generated-projects/q-338/node_modules/rollup/dist/native.js:121
		throw new Error(
		      ^

Error: Cannot find module @rollup/rollup-darwin-arm64. npm has a bug related to optional dependencies (https://github.com/npm/cli/issues/4828). Please try `npm i` again after removing both package-lock.json and node_modules directory.
    at requireWithFriendlyError (/Users/yangfan/Desktop/trae-solo-generated-projects/q-338/node_modules/rollup/dist/native.js:121:9)
    at Object.<anonymous> (/Users/yangfan/Desktop/trae-solo-generated-projects/q-338/node_modules/rollup/dist/native.js:130:76)
    at Module._compile (node:internal/modules/cjs/loader:1812:14)
    at Object..js (node:internal/modules/cjs/loader:1943:10)
    at Module.load (node:internal/modules/cjs/loader:1533:32)
    at Module._load (node:internal/modules/cjs/loader:1335:12)
    at wrapModuleLoad (node:internal/modules/cjs/loader:255:19)
    at loadCJSModuleWithModuleLoad (node:internal/modules/esm/translators:328:3)
    at ModuleWrap.<anonymous> (node:internal/modules/esm/translators:233:7)
    at ModuleJob.run (node:internal/modules/esm/module_job:430:25) {
  [cause]: Error: dlopen(/Users/yangfan/Desktop/trae-solo-generated-projects/q-338/node_modules/@rollup/rollup-darwin-arm64/rollup.darwin-arm64.node, 0x0001): tried: '/Users/yangfan/Desktop/trae-solo-generated-projects/q-338/node_modules/@rollup/rollup-darwin-arm64/rollup.darwin-arm64.node' (code signature in <46A82EB3-EE91-30BE-B8F9-FB0C8477D6AC> '/Users/yangfan/Desktop/trae-solo-generated-projects/q-338/node_modules/@rollup/rollup-darwin-arm64/rollup.darwin-arm64.node' not valid for use in process: mapping process and mapped file (non-platform) have different Team IDs), '/System/Volumes/Preboot/Cryptexes/OS/Users/yangfan/Desktop/trae-solo-generated-projects/q-338/node_modules/@rollup/rollup-darwin-arm64/rollup.darwin-arm64.node' (no such file), '/Users/yangfan/Desktop/trae-solo-generated-projects/q-338/node_modules/@rollup/rollup-darwin-arm64/rollup.darwin-arm64.node' (code signature in <46A82EB3-EE91-30BE-B8F9-FB0C8477D6AC> '/Users/yangfan/Desktop/trae-solo-generated-projects/q-338/node_modules/@rollup/rollup-darwin-arm64/rollup.darwin-arm64.node' not valid for use in process: mapping process and mapped file (non-platform) have different Team IDs)
      at Object..node (node:internal/modules/cjs/loader:1970:18)
      at Module.load (node:internal/modules/cjs/loader:1533:32)
      at Module._load (node:internal/modules/cjs/loader:1335:12)
      at wrapModuleLoad (node:internal/modules/cjs/loader:255:19)
      at Module.require (node:internal/modules/cjs/loader:1556:12)
      at require (node:internal/modules/helpers:152:16)
      at requireWithFriendlyError (/Users/yangfan/Desktop/trae-solo-generated-projects/q-338/node_modules/rollup/dist/native.js:103:10)
      at Object.<anonymous> (/Users/yangfan/Desktop/trae-solo-generated-projects/q-338/node_modules/rollup/dist/native.js:130:76)
      at Module._compile (node:internal/modules/cjs/loader:1812:14)
      at Object..js (node:internal/modules/cjs/loader:1943:10) {
    code: 'ERR_DLOPEN_FAILED'
  }
}

Node.js v24.14.0
